tmux virtualenvwrapper
everpad
gnome-common
openssh-server
ilc
ibmsam
ibm-lotus-notes
agnclient openclient-agnclient-notifications agnclient-compat
network-manager-openvpn-gnome network-manager-vpnc-gnome network-manager-openconnect-gnome
overlay-scrollbar-gtk3
gdb
cmake
fonts-font-awesome awesome awesome-extra
iproute2
iproute
arandr
remmina-plugin-xdmcp remmina-plugin-nx
remmina-plugin-gnome
xtv
xnest
smuxi-frontend-gnome
libgnomekbd-common gkbd-capplet
gnome-applets
libgnome-control-center1 gnome-control-center account-plugin-twitter account-plugin-flickr
zenity zenity-common
libgnomeui-0 libgnomeui-common
libgnomeui-0 libgnomeui-common --reinstall
libxml2
--reinstall libxml2
libgecode32
libgecodeflatzinc32 libgecodegist32
libgecodeflatzinc32 libgecodegist32
libruby
libyaml-dev
gdb
libcups2
ubuntu-desktop
gdb
awesome
nomachine
nfs-common
ruby2.0
rbenv ruby-build
npm
mercurial
shelldap
ack-grep
system-config-printer-gnome
gstreamer1.0-plugins-bad
gnome-control-center
gnome-control-center libgnome-control-center1
gnome-control-center libgnome-control-center1 unity-control-center
ginn
touchegg
polari
docker
iotop
--yes encfs cryptkeeper
ecryptfs-utils
network-manager-openvpn-gnome
--reinstall network-manager-openvpn-gnome vpnc
darktable
unetbootin
python-glade2
glade
glade-gtk2
ksh
--reinstall ibm-tivoli-endpoint-manager-agent
dconf-tools
aria2
nmapfe
gwakeonlan
pdfsam
ibm-opensocial ibm-activities
ibm-j2sdk1.7
ibm-print-conf-daemon
ibm-global-print
ocdc-repository
gparted
btrfs-tools
pdftk
gimp
gsmartcontrol
ubuntu-tweak
libav-tools
ibm-cck
youtube-dl
i3
owncloud-client
ldap-utils
slapd
gnutls-bin
xtightvncviewer
dvb-apps
gnome-dvb-daemon gnome-dvb-client totem-plugins-dvb-daemon
atftpd
gnome-dvb-client gnome-dvb-daemon totem-plugins-dvb-daemon
openclient-savap-config ibm-firewall openclient-savap-modules savap savjlu savui sav
dnsmasq
ibm-activities
samba-common-bin smbclient nautilus-share cifs-utils
graphviz
gconf-editor
laptop-mode-tools
network-manager-pptp network-manager-pptp-gnome
network-manager-pptp
bluez libbluetooth3 bluez-tools bluez-utils
dnsmasq-base
mdns-scan avahi-daemon
--reinstall gnome-themes-standard-data:
--reinstall gnome-themes-standard:amd64
gnome-themes-standard
libcanberra-gtk-module
libcanberra-gtk-module --reinstall
libcanberra-gtk-module
ipython bpython
bzr
couchdb
--reinstall couchdb
exuberant-ctags
rrdtool
--reinstall couchdb
librrd-dev
--reinstall couchdb
--reinstall couchdb
xclip
--reinstall couchdb
rpm
--reinstall couchdb
--reinstall couchdb
--reinstall couchdb
--reinstall couchdb
--reinstall couchdb
--reinstall couchdb
--reinstall couchdb
libjpeg-dev
--reinstall couchdb
docker.io
--reinstall couchdb
--reinstall couchdb
--reinstall couchdb
mdadm
--reinstall couchdb
--reinstall couchdb
--reinstall couchdb
--reinstall couchdb
--reinstall couchdb
libfreeimage3
libois-1.3.0
valgrind
firefox-globalmenu thunderbird-globalmenu
l2tp-ipsec-vpn network-manager-l2tp-gnome
l2tp-ipsec-vpn
ca-certificates ibm-ca-certificates
ca-certificates-java
ca-certificates
docker.io
pcscd
openct
anyconnect
docker.io
xclip
parcellite
parcellite
