account-plugin-flickr
account-plugin-twitter
ack-grep
agnclient
agnclient-compat
anyconnect
apache2-utils
apt-file
arandr
aria2
atftp
atftpd
automake
avahi-daemon
awesome
awesome-extra
bluez
bluez-tools
bluez-utils
bpython
btrfs-tools
bzr
ca-certificates
ca-certificates-java
cifs-utils
cmake
darktable
dconf-tools
dnsmasq
dnsmasq-base
docker
dstat
ecryptfs-utils
everpad
exuberant-ctags
figlet
firefox-globalmenu
fonts-font-awesome
gconf-editor
gdb
gimp
ginn
gkbd-capplet
glade
glade-gtk2
gnome-applets
gnome-common
gnome-control-center
gnome-themes-standard
gnutls-bin
golang
gparted
graphviz
gsmartcontrol
gstreamer1.0-plugins-bad
gwakeonlan
httpie
i3
ilc
iotop
iproute2
ipython
jq
ksh
l2tp-ipsec-vpn
laptop-mode-tools
ldap-utils
libaa1
libaa-bin
libav-tools
libbluetooth3
libcanberra-gtk-module
libcups2
libgecode32
libgecodeflatzinc32
libgecodegist32
libgmp3-dev
libgmp-dev
libgnome-control-center1
libgnomekbd-common
libgnomeui-0
libgnomeui-common
librrd-dev
libruby
libxml2
libyaml-dev
lzip
make
mdadm
mdns-scan
mercurial
minicom
nautilus-share
network-manager-l2tp-gnome
network-manager-openconnect-gnome
network-manager-openvpn-gnome
network-manager-pptp
network-manager-pptp-gnome
network-manager-vpnc-gnome
nfs-common
nmapfe
nmon
nomachine
npm
openssh-server
overlay-scrollbar-gtk3
pandoc
parcellite
pcscd
pdfsam
pdftk
pkg-config
polari
python-glade2
rbenv
remmina-plugin-gnome
remmina-plugin-nx
remmina-plugin-xdmcp
rpm
rrdtool
ruby2.0
ruby-build
samba-common-bin
shelldap
silversearcher-ag
slapd
smbclient
smuxi-frontend-gnome
system-config-printer-gnome
thunderbird-globalmenu
tmux
ubuntu-desktop
ubuntu-tweak
unetbootin
unity-control-center
unrar
virtualenvwrapper
xclip
xnest
xtightvncviewer
xtv
xz-utils
youtube-dl
zenity
zenity-common
asciinema
ruby-build
vim-gui-common
xpdf
qpdfview
